Analyzing frontend...                                           

   info - 'background' is deprecated and shouldn't be used. Use surface instead. This feature was deprecated after v3.18.0-0.1.pre - lib\core\theme\app_theme.dart:15:7 - deprecated_member_use
  error - The argument type 'CardTheme' can't be assigned to the parameter type 'CardThemeData?'.  - lib\core\theme\app_theme.dart:31:16 - argument_type_not_assignable
   info - 'background' is deprecated and shouldn't be used. Use surface instead. This feature was deprecated after v3.18.0-0.1.pre - lib\core\theme\app_theme.dart:75:7 - deprecated_member_use
   info - 'withOpacity' is deprecated and shouldn't be used. Use .withValues() to avoid precision loss - lib\features\auth\screens\login_screen.dart:34:79 - deprecated_member_use
   info - 'withOpacity' is deprecated and shouldn't be used. Use .withValues() to avoid precision loss - lib\features\auth\screens\login_screen.dart:35:89 - deprecated_member_use
   info - 'withOpacity' is deprecated and shouldn't be used. Use .withValues() to avoid precision loss - lib\features\auth\screens\login_screen.dart:62:49 - deprecated_member_use
   info - 'withOpacity' is deprecated and shouldn't be used. Use .withValues() to avoid precision loss - lib\features\auth\screens\login_screen.dart:64:68 - deprecated_member_use
   info - 'withOpacity' is deprecated and shouldn't be used. Use .withValues() to avoid precision loss - lib\features\auth\screens\login_screen.dart:76:70 - deprecated_member_use
   info - 'withOpacity' is deprecated and shouldn't be used. Use .withValues() to avoid precision loss - lib\features\auth\screens\login_screen.dart:101:104 - deprecated_member_use
   info - 'withOpacity' is deprecated and shouldn't be used. Use .withValues() to avoid precision loss - lib\features\auth\screens\login_screen.dart:169:37 - deprecated_member_use
  error - The name 'MyApp' isn't a class - test\widget_test.dart:16:35 - creation_with_non_type

